// Jest Snapshot v1, https://goo.gl/fbAQLP

exports[`<Product/> Renders and matches the snapshot 1`] = `
<div>
  <div
    class="ItemStyles__Item-sc-hnkko-0 bLvtez"
  >
    <img
      alt="dogs are best"
      src="dog.jpg"
    />
    <h3
      class="Title-sc-1x3vh0k-0 gyCUcc"
    >
      <a
        href="/product/abc123"
      >
        dogs are best
      </a>
    </h3>
    <span
      class="PriceTag-sc-ji8zd7-0 jdqrss"
    >
      NT$5,000
    </span>
    <p>
      dogs
    </p>
    <div
      class="buttonList"
    >
      <a
        href="/update?id=abc123"
      >
        Edit !
      </a>
      <button
        type="button"
      >
        Add
         To Cart 
        -&gt;
      </button>
      <button
        type="button"
      >
        Delete !!
      </button>
    </div>
  </div>
</div>
`;
