// Jest Snapshot v1, https://goo.gl/fbAQLP

exports[`<SignUp /> render and matches snapshot 1`] = `
<div>
  <form
    class="Form-sc-1cue2iv-0 lTphx"
    method="POST"
  >
    <h2>
      Sign Up Your Account
    </h2>
    <fieldset>
      <label
        for="name"
      >
        Your Name
        <input
          autocomplete="name"
          name="name"
          placeholder="Input your name ..."
          type="text"
          value=""
        />
      </label>
      <label
        for="email"
      >
        Email
        <input
          autocomplete="email"
          name="email"
          placeholder="Input your e-mail address ..."
          type="email"
          value=""
        />
      </label>
      <label
        for="password"
      >
        Password
        <input
          autocomplete="password"
          name="password"
          placeholder="Password"
          type="password"
          value=""
        />
      </label>
      <button
        type="submit"
      >
        Sign Up !!
      </button>
    </fieldset>
  </form>
</div>
`;
